// Jest Snapshot v1, https://goo.gl/fbAQLP

exports[`CardsPagination component should render 1`] = `
<div
  className="MuiPaper-root MuiCard-root MuiPaper-elevation1 MuiPaper-rounded"
>
  <button
    className="MuiButtonBase-root MuiCardActionArea-root"
    disabled={false}
    onBlur={[Function]}
    onDragLeave={[Function]}
    onFocus={[Function]}
    onKeyDown={[Function]}
    onKeyUp={[Function]}
    onMouseDown={[Function]}
    onMouseLeave={[Function]}
    onMouseUp={[Function]}
    onTouchEnd={[Function]}
    onTouchMove={[Function]}
    onTouchStart={[Function]}
    tabIndex={0}
    type="button"
  >
    <img
      alt="test"
      className="MuiCardMedia-root MuiCardMedia-media MuiCardMedia-img"
      height="450"
      src="test"
      title="test"
    />
    <div
      className="MuiCardContent-root"
    >
      <h2
        className="MuiTypography-root MuiTypography-h5 MuiTypography-gutterBottom"
      >
        test
      </h2>
    </div>
    <span
      className="MuiCardActionArea-focusHighlight"
    />
  </button>
  <button
    className="MuiButtonBase-root MuiCardActionArea-root makeStyles-metaText-1"
    disabled={false}
    onBlur={[Function]}
    onDragLeave={[Function]}
    onFocus={[Function]}
    onKeyDown={[Function]}
    onKeyUp={[Function]}
    onMouseDown={[Function]}
    onMouseLeave={[Function]}
    onMouseUp={[Function]}
    onTouchEnd={[Function]}
    onTouchMove={[Function]}
    onTouchStart={[Function]}
    tabIndex={0}
    type="button"
  >
    <h5
      className="MuiTypography-root MuiTypography-h6"
    >
      Номер карты: 
      test
    </h5>
    <h5
      className="MuiTypography-root MuiTypography-h6"
    >
      Роль: 
      test
    </h5>
    <h5
      className="MuiTypography-root MuiTypography-h6"
    >
      Редкость: 
      test
    </h5>
    <h5
      className="MuiTypography-root MuiTypography-h6"
    >
      Есть карт: 
      0
    </h5>
    <h5
      className="MuiTypography-root MuiTypography-h6"
    >
      Нужно карт: 
      0
    </h5>
    <span
      className="MuiCardActionArea-focusHighlight"
    />
  </button>
</div>
`;

exports[`CollectionCard component should render 1`] = `
<div
  className="MuiPaper-root MuiCard-root MuiPaper-elevation1 MuiPaper-rounded"
>
  <button
    className="MuiButtonBase-root MuiCardActionArea-root"
    disabled={false}
    onBlur={[Function]}
    onDragLeave={[Function]}
    onFocus={[Function]}
    onKeyDown={[Function]}
    onKeyUp={[Function]}
    onMouseDown={[Function]}
    onMouseLeave={[Function]}
    onMouseUp={[Function]}
    onTouchEnd={[Function]}
    onTouchMove={[Function]}
    onTouchStart={[Function]}
    tabIndex={0}
    type="button"
  >
    <img
      alt="test"
      className="MuiCardMedia-root MuiCardMedia-media MuiCardMedia-img"
      height="450"
      src="test"
      title="test"
    />
    <div
      className="MuiCardContent-root"
    >
      <h2
        className="MuiTypography-root MuiTypography-h5 MuiTypography-gutterBottom"
      >
        test
      </h2>
    </div>
    <span
      className="MuiCardActionArea-focusHighlight"
    />
  </button>
  <button
    className="MuiButtonBase-root MuiCardActionArea-root makeStyles-metaText-1"
    disabled={false}
    onBlur={[Function]}
    onDragLeave={[Function]}
    onFocus={[Function]}
    onKeyDown={[Function]}
    onKeyUp={[Function]}
    onMouseDown={[Function]}
    onMouseLeave={[Function]}
    onMouseUp={[Function]}
    onTouchEnd={[Function]}
    onTouchMove={[Function]}
    onTouchStart={[Function]}
    tabIndex={0}
    type="button"
  >
    <h5
      className="MuiTypography-root MuiTypography-h6"
    >
      Номер карты: 
      test
    </h5>
    <h5
      className="MuiTypography-root MuiTypography-h6"
    >
      Роль: 
      test
    </h5>
    <h5
      className="MuiTypography-root MuiTypography-h6"
    >
      Редкость: 
      test
    </h5>
    <h5
      className="MuiTypography-root MuiTypography-h6"
    >
      Есть карт: 
      0
    </h5>
    <h5
      className="MuiTypography-root MuiTypography-h6"
    >
      Нужно карт: 
      0
    </h5>
    <span
      className="MuiCardActionArea-focusHighlight"
    />
  </button>
</div>
`;
