// Jest Snapshot v1, https://goo.gl/fbAQLP

exports[`NewPasswordForm component should render 1`] = `
<form
  className="makeStyles-root-1"
  onSubmit={[MockFunction]}
>
  
  <div
    className="MuiBox-root MuiBox-root-3 makeStyles-newPasswordField-2"
  >
    <div
      className="MuiFormControl-root MuiTextField-root"
    >
      <label
        className="MuiFormLabel-root MuiInputLabel-root MuiInputLabel-formControl MuiInputLabel-animated MuiInputLabel-shrink MuiInputLabel-outlined MuiFormLabel-filled Mui-required Mui-required"
        data-shrink={true}
        htmlFor="newPassword"
        id="newPassword-label"
      >
        Новый пароль
        <span
          aria-hidden={true}
          className="MuiFormLabel-asterisk MuiInputLabel-asterisk"
        >
           
          *
        </span>
      </label>
      <div
        className="MuiInputBase-root MuiOutlinedInput-root MuiInputBase-formControl"
        onClick={[Function]}
      >
        <input
          aria-invalid={false}
          autoFocus={false}
          className="MuiInputBase-input MuiOutlinedInput-input"
          disabled={false}
          id="newPassword"
          onAnimationStart={[Function]}
          onBlur={[Function]}
          onChange={[Function]}
          onFocus={[Function]}
          placeholder="Введите новый пароль"
          required={true}
          type="password"
          value="test"
        />
        <fieldset
          aria-hidden={true}
          className="PrivateNotchedOutline-root-4 MuiOutlinedInput-notchedOutline"
        >
          <legend
            className="PrivateNotchedOutline-legendLabelled-6 PrivateNotchedOutline-legendNotched-7"
          >
            <span>
              Новый пароль
               *
            </span>
          </legend>
        </fieldset>
      </div>
      
    </div>
    <div
      className="MuiFormControl-root MuiTextField-root"
    >
      <label
        className="MuiFormLabel-root MuiInputLabel-root MuiInputLabel-formControl MuiInputLabel-animated MuiInputLabel-shrink MuiInputLabel-outlined MuiFormLabel-filled Mui-required Mui-required"
        data-shrink={true}
        htmlFor="confirmNewPassword"
        id="confirmNewPassword-label"
      >
        Пароль ещё раз
        <span
          aria-hidden={true}
          className="MuiFormLabel-asterisk MuiInputLabel-asterisk"
        >
           
          *
        </span>
      </label>
      <div
        className="MuiInputBase-root MuiOutlinedInput-root MuiInputBase-formControl"
        onClick={[Function]}
      >
        <input
          aria-invalid={false}
          autoFocus={false}
          className="MuiInputBase-input MuiOutlinedInput-input"
          disabled={false}
          id="confirmNewPassword"
          onAnimationStart={[Function]}
          onBlur={[Function]}
          onChange={[Function]}
          onFocus={[Function]}
          placeholder="Введите пароль снова"
          required={true}
          type="password"
          value="test"
        />
        <fieldset
          aria-hidden={true}
          className="PrivateNotchedOutline-root-4 MuiOutlinedInput-notchedOutline"
        >
          <legend
            className="PrivateNotchedOutline-legendLabelled-6 PrivateNotchedOutline-legendNotched-7"
          >
            <span>
              Пароль ещё раз
               *
            </span>
          </legend>
        </fieldset>
      </div>
      
    </div>
  </div>
  <button
    className="MuiButtonBase-root MuiButton-root MuiButton-contained MuiButton-containedPrimary"
    disabled={false}
    onBlur={[Function]}
    onDragLeave={[Function]}
    onFocus={[Function]}
    onKeyDown={[Function]}
    onKeyUp={[Function]}
    onMouseDown={[Function]}
    onMouseLeave={[Function]}
    onMouseUp={[Function]}
    onTouchEnd={[Function]}
    onTouchMove={[Function]}
    onTouchStart={[Function]}
    tabIndex={0}
    type="submit"
  >
    <span
      className="MuiButton-label"
    >
      Установить новый пароль
    </span>
  </button>
</form>
`;
