// Jest Snapshot v1, https://goo.gl/fbAQLP

exports[`Header item component should render component 1`] = `
<div
  className="headerItem-0-2-1 headerItem-d0-0-2-3"
>
  <span
    className="headerItemChild-0-2-2"
  />
</div>
`;
