// Jest Snapshot v1, https://goo.gl/fbAQLP

exports[`header component should render 1`] = `
<div
  className="makeStyles-root-1"
>
  <main
    className="makeStyles-content-2"
  >
    <header
      className="MuiPaper-root MuiAppBar-root MuiAppBar-positionFixed MuiAppBar-colorPrimary makeStyles-appBar-5 mui-fixed MuiPaper-elevation4"
    >
      <div
        className="MuiToolbar-root MuiToolbar-regular MuiToolbar-gutters"
      >
        <button
          aria-label="open drawer"
          className="MuiButtonBase-root MuiIconButton-root makeStyles-menuButton-9 MuiIconButton-colorInherit MuiIconButton-edgeStart"
          disabled={false}
          onBlur={[Function]}
          onClick={[Function]}
          onDragLeave={[Function]}
          onFocus={[Function]}
          onKeyDown={[Function]}
          onKeyUp={[Function]}
          onMouseDown={[Function]}
          onMouseLeave={[Function]}
          onMouseUp={[Function]}
          onTouchEnd={[Function]}
          onTouchMove={[Function]}
          onTouchStart={[Function]}
          tabIndex={0}
          type="button"
        >
          <span
            className="MuiIconButton-label"
          >
            <svg
              aria-hidden={true}
              className="MuiSvgIcon-root"
              focusable="false"
              viewBox="0 0 24 24"
            >
              <path
                d="M3 18h18v-2H3v2zm0-5h18v-2H3v2zm0-7v2h18V6H3z"
              />
            </svg>
          </span>
        </button>
        <h6
          className="MuiTypography-root makeStyles-title-10 MuiTypography-h6 MuiTypography-noWrap"
        >
          Главная
        </h6>
        <div
          className="MuiBox-root MuiBox-root-12"
        >
          <button
            className="MuiButtonBase-root MuiButton-root MuiButton-text MuiButton-colorInherit"
            disabled={false}
            onBlur={[Function]}
            onDragLeave={[Function]}
            onFocus={[Function]}
            onKeyDown={[Function]}
            onKeyUp={[Function]}
            onMouseDown={[Function]}
            onMouseLeave={[Function]}
            onMouseUp={[Function]}
            onTouchEnd={[Function]}
            onTouchMove={[Function]}
            onTouchStart={[Function]}
            tabIndex={0}
            type="button"
          >
            <span
              className="MuiButton-label"
            >
              <a
                className="makeStyles-navLink-11"
                href="/login"
                onClick={[Function]}
              >
                Войти
              </a>
            </span>
          </button>
          /
          <button
            className="MuiButtonBase-root MuiButton-root MuiButton-text MuiButton-colorInherit"
            disabled={false}
            onBlur={[Function]}
            onDragLeave={[Function]}
            onFocus={[Function]}
            onKeyDown={[Function]}
            onKeyUp={[Function]}
            onMouseDown={[Function]}
            onMouseLeave={[Function]}
            onMouseUp={[Function]}
            onTouchEnd={[Function]}
            onTouchMove={[Function]}
            onTouchStart={[Function]}
            tabIndex={0}
            type="button"
          >
            <span
              className="MuiButton-label"
            >
              <a
                className="makeStyles-navLink-11"
                href="/registration"
                onClick={[Function]}
              >
                Регистрация
              </a>
            </span>
          </button>
        </div>
      </div>
    </header>
    <div
      className="MuiDrawer-root MuiDrawer-docked makeStyles-drawer-13"
      style={
        Object {
          "width": 240,
        }
      }
    >
      <div
        className="MuiPaper-root MuiDrawer-paper makeStyles-drawerPaper-14 MuiDrawer-paperAnchorLeft MuiDrawer-paperAnchorDockedLeft MuiPaper-elevation0"
        style={
          Object {
            "visibility": "hidden",
          }
        }
      >
        <div
          className="makeStyles-drawerHeader-15"
        >
          <button
            className="MuiButtonBase-root MuiIconButton-root"
            disabled={false}
            onBlur={[Function]}
            onClick={[Function]}
            onDragLeave={[Function]}
            onFocus={[Function]}
            onKeyDown={[Function]}
            onKeyUp={[Function]}
            onMouseDown={[Function]}
            onMouseLeave={[Function]}
            onMouseUp={[Function]}
            onTouchEnd={[Function]}
            onTouchMove={[Function]}
            onTouchStart={[Function]}
            tabIndex={0}
            type="button"
          >
            <span
              className="MuiIconButton-label"
            >
              <svg
                aria-hidden={true}
                className="MuiSvgIcon-root"
                focusable="false"
                viewBox="0 0 24 24"
              >
                <path
                  d="M15.41 7.41L14 6l-6 6 6 6 1.41-1.41L10.83 12z"
                />
              </svg>
            </span>
          </button>
        </div>
        <hr
          className="MuiDivider-root"
        />
        <ul
          className="MuiList-root MuiList-padding"
        >
          <a
            href="/"
            onClick={[Function]}
          >
            <div
              aria-disabled={false}
              className="MuiButtonBase-root MuiListItem-root MuiListItem-gutters MuiListItem-button"
              onBlur={[Function]}
              onDragLeave={[Function]}
              onFocus={[Function]}
              onKeyDown={[Function]}
              onKeyUp={[Function]}
              onMouseDown={[Function]}
              onMouseLeave={[Function]}
              onMouseUp={[Function]}
              onTouchEnd={[Function]}
              onTouchMove={[Function]}
              onTouchStart={[Function]}
              role="button"
              tabIndex={0}
            >
              <div
                className="MuiListItemText-root"
              >
                <span
                  className="MuiTypography-root MuiListItemText-primary makeStyles-navlink-16 MuiTypography-body1 MuiTypography-displayBlock"
                >
                  Главная
                </span>
              </div>
            </div>
          </a>
          <a
            href="/gallery"
            onClick={[Function]}
          >
            <div
              aria-disabled={false}
              className="MuiButtonBase-root MuiListItem-root MuiListItem-gutters MuiListItem-button"
              onBlur={[Function]}
              onDragLeave={[Function]}
              onFocus={[Function]}
              onKeyDown={[Function]}
              onKeyUp={[Function]}
              onMouseDown={[Function]}
              onMouseLeave={[Function]}
              onMouseUp={[Function]}
              onTouchEnd={[Function]}
              onTouchMove={[Function]}
              onTouchStart={[Function]}
              role="button"
              tabIndex={0}
            >
              <div
                className="MuiListItemText-root"
              >
                <span
                  className="MuiTypography-root MuiListItemText-primary makeStyles-navlink-16 MuiTypography-body1 MuiTypography-displayBlock"
                >
                  Галерея
                </span>
              </div>
            </div>
          </a>
          <a
            href="/auction"
            onClick={[Function]}
          >
            <div
              aria-disabled={false}
              className="MuiButtonBase-root MuiListItem-root MuiListItem-gutters MuiListItem-button"
              onBlur={[Function]}
              onDragLeave={[Function]}
              onFocus={[Function]}
              onKeyDown={[Function]}
              onKeyUp={[Function]}
              onMouseDown={[Function]}
              onMouseLeave={[Function]}
              onMouseUp={[Function]}
              onTouchEnd={[Function]}
              onTouchMove={[Function]}
              onTouchStart={[Function]}
              role="button"
              tabIndex={0}
            >
              <div
                className="MuiListItemText-root"
              >
                <span
                  className="MuiTypography-root MuiListItemText-primary makeStyles-navlink-16 MuiTypography-body1 MuiTypography-displayBlock"
                >
                  Аукцион
                </span>
              </div>
            </div>
          </a>
          <div
            aria-disabled={false}
            className="MuiButtonBase-root MuiListItem-root MuiListItem-gutters MuiListItem-button"
            onBlur={[Function]}
            onClick={[Function]}
            onDragLeave={[Function]}
            onFocus={[Function]}
            onKeyDown={[Function]}
            onKeyUp={[Function]}
            onMouseDown={[Function]}
            onMouseLeave={[Function]}
            onMouseUp={[Function]}
            onTouchEnd={[Function]}
            onTouchMove={[Function]}
            onTouchStart={[Function]}
            role="button"
            tabIndex={0}
          >
            <div
              className="MuiListItemText-root"
            >
              <span
                className="MuiTypography-root MuiListItemText-primary MuiTypography-body1 MuiTypography-displayBlock"
              >
                Коллекции
              </span>
            </div>
            <svg
              aria-hidden={true}
              className="MuiSvgIcon-root"
              focusable="false"
              viewBox="0 0 24 24"
            >
              <path
                d="M16.59 8.59L12 13.17 7.41 8.59 6 10l6 6 6-6z"
              />
            </svg>
          </div>
        </ul>
        <hr
          className="MuiDivider-root"
        />
      </div>
    </div>
    <div
      className="makeStyles-drawerHeader-4"
    />
  </main>
</div>
`;
