// Jest Snapshot v1, https://goo.gl/fbAQLP

exports[`Header-toolbar component should render 1`] = `
<div
  className="MuiToolbar-root MuiToolbar-regular MuiToolbar-gutters"
>
  <button
    aria-label="open drawer"
    className="MuiButtonBase-root MuiIconButton-root makeStyles-menuButton-2 makeStyles-hide-1 MuiIconButton-colorInherit MuiIconButton-edgeStart"
    disabled={false}
    onBlur={[Function]}
    onClick={[MockFunction]}
    onDragLeave={[Function]}
    onFocus={[Function]}
    onKeyDown={[Function]}
    onKeyUp={[Function]}
    onMouseDown={[Function]}
    onMouseLeave={[Function]}
    onMouseUp={[Function]}
    onTouchEnd={[Function]}
    onTouchMove={[Function]}
    onTouchStart={[Function]}
    tabIndex={0}
    type="button"
  >
    <span
      className="MuiIconButton-label"
    >
      <svg
        aria-hidden={true}
        className="MuiSvgIcon-root"
        focusable="false"
        viewBox="0 0 24 24"
      >
        <path
          d="M3 18h18v-2H3v2zm0-5h18v-2H3v2zm0-7v2h18V6H3z"
        />
      </svg>
    </span>
  </button>
  <h6
    className="MuiTypography-root MuiTypography-h6 MuiTypography-noWrap"
  >
    test
  </h6>
</div>
`;
