// Jest Snapshot v1, https://goo.gl/fbAQLP

exports[`Navbar list component should render 1`] = `
<ul
  className="MuiList-root MuiList-padding"
>
  <a
    href="/test"
    onClick={[Function]}
  >
    <div
      aria-disabled={false}
      className="MuiButtonBase-root MuiListItem-root MuiListItem-gutters MuiListItem-button"
      onBlur={[Function]}
      onDragLeave={[Function]}
      onFocus={[Function]}
      onKeyDown={[Function]}
      onKeyUp={[Function]}
      onMouseDown={[Function]}
      onMouseLeave={[Function]}
      onMouseUp={[Function]}
      onTouchEnd={[Function]}
      onTouchMove={[Function]}
      onTouchStart={[Function]}
      role="button"
      tabIndex={0}
    >
      <div
        className="MuiListItemText-root"
      >
        <span
          className="MuiTypography-root MuiListItemText-primary makeStyles-navlink-1 MuiTypography-body1 MuiTypography-displayBlock"
        >
          Test
        </span>
      </div>
    </div>
  </a>
  <div
    aria-disabled={false}
    className="MuiButtonBase-root MuiListItem-root MuiListItem-gutters MuiListItem-button"
    onBlur={[Function]}
    onClick={[Function]}
    onDragLeave={[Function]}
    onFocus={[Function]}
    onKeyDown={[Function]}
    onKeyUp={[Function]}
    onMouseDown={[Function]}
    onMouseLeave={[Function]}
    onMouseUp={[Function]}
    onTouchEnd={[Function]}
    onTouchMove={[Function]}
    onTouchStart={[Function]}
    role="button"
    tabIndex={0}
  >
    <div
      className="MuiListItemText-root"
    >
      <span
        className="MuiTypography-root MuiListItemText-primary MuiTypography-body1 MuiTypography-displayBlock"
      >
        Коллекции
      </span>
    </div>
    <svg
      aria-hidden={true}
      className="MuiSvgIcon-root"
      focusable="false"
      viewBox="0 0 24 24"
    >
      <path
        d="M16.59 8.59L12 13.17 7.41 8.59 6 10l6 6 6-6z"
      />
    </svg>
  </div>
</ul>
`;
