// Jest Snapshot v1, https://goo.gl/fbAQLP

exports[`login form component should render 1`] = `
<form
  className="makeStyles-root-1"
  onSubmit={[MockFunction]}
>
  
  <div
    className="MuiBox-root MuiBox-root-5 makeStyles-loginField-2"
  >
    <div
      className="MuiFormControl-root MuiTextField-root"
    >
      <label
        className="MuiFormLabel-root MuiInputLabel-root MuiInputLabel-formControl MuiInputLabel-animated MuiInputLabel-shrink MuiInputLabel-outlined MuiFormLabel-filled Mui-required Mui-required"
        data-shrink={true}
        htmlFor="login"
        id="login-label"
      >
        Логин
        <span
          aria-hidden={true}
          className="MuiFormLabel-asterisk MuiInputLabel-asterisk"
        >
           
          *
        </span>
      </label>
      <div
        className="MuiInputBase-root MuiOutlinedInput-root MuiInputBase-formControl"
        onClick={[Function]}
      >
        <input
          aria-invalid={false}
          autoFocus={false}
          className="MuiInputBase-input MuiOutlinedInput-input"
          disabled={false}
          id="login"
          onAnimationStart={[Function]}
          onBlur={[Function]}
          onChange={[Function]}
          onFocus={[Function]}
          placeholder="Введите логин"
          required={true}
          type="text"
          value="test"
        />
        <fieldset
          aria-hidden={true}
          className="PrivateNotchedOutline-root-6 MuiOutlinedInput-notchedOutline"
        >
          <legend
            className="PrivateNotchedOutline-legendLabelled-8 PrivateNotchedOutline-legendNotched-9"
          >
            <span>
              Логин
               *
            </span>
          </legend>
        </fieldset>
      </div>
      
    </div>
    <div
      className="MuiFormControl-root MuiTextField-root"
    >
      <label
        className="MuiFormLabel-root MuiInputLabel-root MuiInputLabel-formControl MuiInputLabel-animated MuiInputLabel-shrink MuiInputLabel-outlined MuiFormLabel-filled Mui-required Mui-required"
        data-shrink={true}
        htmlFor="password"
        id="password-label"
      >
        Пароль
        <span
          aria-hidden={true}
          className="MuiFormLabel-asterisk MuiInputLabel-asterisk"
        >
           
          *
        </span>
      </label>
      <div
        className="MuiInputBase-root MuiOutlinedInput-root MuiInputBase-formControl"
        onClick={[Function]}
      >
        <input
          aria-invalid={false}
          autoFocus={false}
          className="MuiInputBase-input MuiOutlinedInput-input"
          disabled={false}
          id="password"
          onAnimationStart={[Function]}
          onBlur={[Function]}
          onChange={[Function]}
          onFocus={[Function]}
          placeholder="Введите пароль"
          required={true}
          type="password"
          value="test"
        />
        <fieldset
          aria-hidden={true}
          className="PrivateNotchedOutline-root-6 MuiOutlinedInput-notchedOutline"
        >
          <legend
            className="PrivateNotchedOutline-legendLabelled-8 PrivateNotchedOutline-legendNotched-9"
          >
            <span>
              Пароль
               *
            </span>
          </legend>
        </fieldset>
      </div>
      
    </div>
  </div>
  <div
    className="MuiBox-root MuiBox-root-10 makeStyles-buttonsField-3"
  >
    <button
      className="MuiButtonBase-root MuiButton-root MuiButton-contained MuiButton-containedPrimary"
      disabled={false}
      onBlur={[Function]}
      onDragLeave={[Function]}
      onFocus={[Function]}
      onKeyDown={[Function]}
      onKeyUp={[Function]}
      onMouseDown={[Function]}
      onMouseLeave={[Function]}
      onMouseUp={[Function]}
      onTouchEnd={[Function]}
      onTouchMove={[Function]}
      onTouchStart={[Function]}
      tabIndex={0}
      type="submit"
    >
      <span
        className="MuiButton-label"
      >
        Войти
      </span>
    </button>
    <a
      className="makeStyles-navLink-4"
      href="/reset-password"
      onClick={[Function]}
    >
      Забыли пароль?
    </a>
  </div>
</form>
`;
